[eyecix.com/html/sportsmagazine/index.html]
[backblue.gif]
[fade.gif]
[index.html]
[eyecix.com/html/sportsmagazine/404.html]
[eyecix.com/html/sportsmagazine/checkout.html]
[eyecix.com/html/sportsmagazine/extra-images/cartbox-1.png]
[eyecix.com/html/sportsmagazine/extra-images/cartbox-2.png]
[eyecix.com/html/sportsmagazine/index-2.html]
[eyecix.com/html/sportsmagazine/images/logo-1.png]
[eyecix.com/html/sportsmagazine/index-two.html]
[eyecix.com/html/sportsmagazine/fixture.html]
[eyecix.com/html/sportsmagazine/fixture-wls.html]
[eyecix.com/html/sportsmagazine/fixture-wrs.html]
[eyecix.com/html/sportsmagazine/fixtures-dark1.html]
[eyecix.com/html/sportsmagazine/fixtures-dark2.html]
[eyecix.com/html/sportsmagazine/fixture-detail.html]
[eyecix.com/html/sportsmagazine/fixture-detail-wls.html]
[eyecix.com/html/sportsmagazine/gallery.html]
[eyecix.com/html/sportsmagazine/gallery-wls.html]
[eyecix.com/html/sportsmagazine/gallery-wrs.html]
[eyecix.com/html/sportsmagazine/gallery-modren.html]
[eyecix.com/html/sportsmagazine/gallery-modren-wls.html]
[eyecix.com/html/sportsmagazine/gallery-modren-wrs.html]
[eyecix.com/html/sportsmagazine/login-register.html]
[eyecix.com/html/sportsmagazine/search-result.html]
[eyecix.com/html/sportsmagazine/faq.html]
[eyecix.com/html/sportsmagazine/contact-us.html]
[eyecix.com/html/sportsmagazine/extra-images/megamenu-frame.jpg]
[eyecix.com/html/sportsmagazine/player-grid.html]
[eyecix.com/html/sportsmagazine/player-grid-wls.html]
[eyecix.com/html/sportsmagazine/player-grid-wrs.html]
[eyecix.com/html/sportsmagazine/player-modren.html]
[eyecix.com/html/sportsmagazine/player-modren-wls.html]
[eyecix.com/html/sportsmagazine/player-modren-wrs.html]
[eyecix.com/html/sportsmagazine/player-list.html]
[eyecix.com/html/sportsmagazine/fullstanding.html]
[eyecix.com/html/sportsmagazine/overview.html]
[eyecix.com/html/sportsmagazine/roster.html]
[eyecix.com/html/sportsmagazine/player-detail.html]
[eyecix.com/html/sportsmagazine/player-detail-wls.html]
[eyecix.com/html/sportsmagazine/blog-grid.html]
[eyecix.com/html/sportsmagazine/blog-grid-wls.html]
[eyecix.com/html/sportsmagazine/blog-grid-wrs.html]
[eyecix.com/html/sportsmagazine/blog-large.html]
[eyecix.com/html/sportsmagazine/blog-large-wls.html]
[eyecix.com/html/sportsmagazine/blog-medium.html]
[eyecix.com/html/sportsmagazine/blog-modren.html]
[eyecix.com/html/sportsmagazine/blog-modren-wls.html]
[eyecix.com/html/sportsmagazine/blog-modren-wrs.html]
[eyecix.com/html/sportsmagazine/blog-detail.html]
[eyecix.com/html/sportsmagazine/blog-detail-wls.html]
[eyecix.com/html/sportsmagazine/shop-grid.html]
[eyecix.com/html/sportsmagazine/shop-grid-wls.html]
[eyecix.com/html/sportsmagazine/shop-grid-wrs.html]
[eyecix.com/html/sportsmagazine/shop-list.html]
[eyecix.com/html/sportsmagazine/shop-list-wls.html]
[eyecix.com/html/sportsmagazine/shopping-cart.html]
[eyecix.com/html/sportsmagazine/wishlist.html]
[eyecix.com/html/sportsmagazine/account.html]
[eyecix.com/html/sportsmagazine/shop-detail.html]
[eyecix.com/html/sportsmagazine/shop-detail-wls.html]
[eyecix.com/html/sportsmagazine/extra-images/mega-menuadd.jpg]
[eyecix.com/html/sportsmagazine/extra-images/banner-1.jpg]
[eyecix.com/html/sportsmagazine/extra-images/banner-thumb-1.png]
[eyecix.com/html/sportsmagazine/extra-images/banner-2.jpg]
[eyecix.com/html/sportsmagazine/extra-images/featured-slider-1.jpg]
[eyecix.com/html/sportsmagazine/extra-images/featured-slider-2.jpg]
[eyecix.com/html/sportsmagazine/extra-images/latest-result-logo-1.png]
[eyecix.com/html/sportsmagazine/extra-images/latest-result-logo-2.png]
[eyecix.com/html/sportsmagazine/extra-images/latest-blog-1.jpg]
[eyecix.com/html/sportsmagazine/extra-images/blog-thumb-1.jpg]
[eyecix.com/html/sportsmagazine/extra-images/latest-blog-2.jpg]
[eyecix.com/html/sportsmagazine/extra-images/latest-blog-3.jpg]
[eyecix.com/html/sportsmagazine/extra-images/add-thumb-1.jpg]
[eyecix.com/html/sportsmagazine/extra-images/player-slider-image-1.png]
[eyecix.com/html/sportsmagazine/extra-images/player-slider-image-2.png]
[eyecix.com/html/sportsmagazine/extra-images/player-slider-image-3.png]
[eyecix.com/html/sportsmagazine/extra-images/gallery-modren-img1.jpg]
[eyecix.com/html/sportsmagazine/extra-images/gallery-modren-img2.jpg]
[eyecix.com/html/sportsmagazine/extra-images/gallery-modren-img3.jpg]
[eyecix.com/html/sportsmagazine/extra-images/gallery-modren-img4.jpg]
[eyecix.com/html/sportsmagazine/extra-images/gallery-modren-img5.jpg]
[eyecix.com/html/sportsmagazine/extra-images/gallery-modren-img6.jpg]
[eyecix.com/html/sportsmagazine/extra-images/ranking-widget-flag-1.png]
[eyecix.com/html/sportsmagazine/extra-images/ranking-widget-flag-2.png]
[eyecix.com/html/sportsmagazine/extra-images/ranking-widget-flag-3.png]
[eyecix.com/html/sportsmagazine/extra-images/ranking-widget-flag-4.png]
[eyecix.com/html/sportsmagazine/extra-images/ranking-widget-flag-5.png]
[eyecix.com/html/sportsmagazine/extra-images/ranking-widget-flag-6.png]
[eyecix.com/html/sportsmagazine/extra-images/ranking-widget-flag-7.png]
[eyecix.com/html/sportsmagazine/extra-images/widget-next-match-logo-1.png]
[eyecix.com/html/sportsmagazine/extra-images/widget-next-match-logo-2.png]
[eyecix.com/html/sportsmagazine/extra-images/add.jpg]
[eyecix.com/html/sportsmagazine/extra-images/widget-gallery-1.jpg]
[eyecix.com/html/sportsmagazine/extra-images/widget-gallery-2.jpg]
[eyecix.com/html/sportsmagazine/extra-images/widget-gallery-3.jpg]
[eyecix.com/html/sportsmagazine/extra-images/widget-gallery-4.jpg]
[eyecix.com/html/sportsmagazine/extra-images/widget-gallery-5.jpg]
[eyecix.com/html/sportsmagazine/extra-images/widget-gallery-6.jpg]
[eyecix.com/html/sportsmagazine/extra-images/widget-gallery-7.jpg]
[eyecix.com/html/sportsmagazine/extra-images/widget-gallery-8.jpg]
[eyecix.com/html/sportsmagazine/script/jquery.js]
[eyecix.com/html/sportsmagazine/script/bootstrap.min.js]
[eyecix.com/html/sportsmagazine/script/slick.slider.min.js]
[eyecix.com/html/sportsmagazine/script/jquery.countdown.min.js]
[eyecix.com/html/sportsmagazine/script/fancybox.pack.js]
[eyecix.com/html/sportsmagazine/script/isotope.min.js]
[eyecix.com/html/sportsmagazine/script/progressbar.js]
[eyecix.com/html/sportsmagazine/script/counter.js]
[eyecix.com/html/sportsmagazine/script/functions.js]
[eyecix.com/html/sportsmagazine/index.html]
[eyecix.com/html/sportsmagazine/404.html]
[eyecix.com/html/sportsmagazine/checkout.html]
[eyecix.com/html/sportsmagazine/index-2.html]
[eyecix.com/html/sportsmagazine/images/logo-2.png]
[eyecix.com/html/sportsmagazine/extra-images/banner-two-1.jpg]
[eyecix.com/html/sportsmagazine/extra-images/banner-team-img1.png]
[eyecix.com/html/sportsmagazine/extra-images/banner-team-img2.png]
[eyecix.com/html/sportsmagazine/extra-images/banner-two-thumb-1.png]
[eyecix.com/html/sportsmagazine/extra-images/player-stats-img1.jpg]
[eyecix.com/html/sportsmagazine/extra-images/player-stats-img2.jpg]
[eyecix.com/html/sportsmagazine/extra-images/player-stats-img3.jpg]
[eyecix.com/html/sportsmagazine/extra-images/player-stats-img4.jpg]
[eyecix.com/html/sportsmagazine/extra-images/player-stats-img5.jpg]
[eyecix.com/html/sportsmagazine/extra-images/player-stats-img6.jpg]
[eyecix.com/html/sportsmagazine/extra-images/fixture-classic-img6.png]
[eyecix.com/html/sportsmagazine/extra-images/partner-logo-1.jpg]
[eyecix.com/html/sportsmagazine/extra-images/partner-logo-2.jpg]
[eyecix.com/html/sportsmagazine/extra-images/partner-logo-3.jpg]
[eyecix.com/html/sportsmagazine/extra-images/thumb-team-oneimg.png]
[eyecix.com/html/sportsmagazine/extra-images/thumb-team-twoimg.png]
[eyecix.com/html/sportsmagazine/extra-images/next-game-img1.jpg]
[eyecix.com/html/sportsmagazine/extra-images/next-game-img2.jpg]
[eyecix.com/html/sportsmagazine/extra-images/blog-medium-img1.jpg]
[eyecix.com/html/sportsmagazine/extra-images/blog-medium-img2.jpg]
[eyecix.com/html/sportsmagazine/extra-images/blog-medium-img3.jpg]
[eyecix.com/html/sportsmagazine/extra-images/blog-medium-img4.jpg]
[eyecix.com/html/sportsmagazine/extra-images/team-grid-img1.jpg]
[eyecix.com/html/sportsmagazine/extra-images/team-grid-img2.jpg]
[eyecix.com/html/sportsmagazine/extra-images/team-grid-img3.jpg]
[eyecix.com/html/sportsmagazine/extra-images/testimonial-img1.jpg]
[eyecix.com/html/sportsmagazine/extra-images/testimonial-img2.jpg]
[eyecix.com/html/sportsmagazine/extra-images/testimonial-img3.jpg]
[eyecix.com/html/sportsmagazine/extra-images/widget-galler-two-img2.jpg]
[eyecix.com/html/sportsmagazine/extra-images/widget-galler-two-img3.jpg]
[eyecix.com/html/sportsmagazine/extra-images/widget-galler-two-img4.jpg]
[eyecix.com/html/sportsmagazine/extra-images/widget-galler-two-img5.jpg]
[eyecix.com/html/sportsmagazine/extra-images/widget-galler-two-img1.jpg]
[eyecix.com/html/sportsmagazine/extra-images/widget-galler-list-img1.jpg]
[eyecix.com/html/sportsmagazine/extra-images/widget-galler-list-img2.jpg]
[eyecix.com/html/sportsmagazine/extra-images/widget-galler-list-img3.jpg]
[eyecix.com/html/sportsmagazine/extra-images/widget-galler-list-img4.jpg]
[eyecix.com/html/sportsmagazine/extra-images/widget-galler-list-img5.jpg]
[eyecix.com/html/sportsmagazine/index-two.html]
[eyecix.com/html/sportsmagazine/demo2/index.html]
[eyecix.com/html/sportsmagazine/darkdemo/index.html]
[eyecix.com/html/sportsmagazine/rtl/index.html]
[eyecix.com/html/sportsmagazine/extra-images/team-match-img1.png]
[eyecix.com/html/sportsmagazine/extra-images/team-match-img2.png]
[eyecix.com/html/sportsmagazine/extra-images/team-match-img3.png]
[eyecix.com/html/sportsmagazine/extra-images/team-match-img4.png]
[eyecix.com/html/sportsmagazine/fixture.html]
[eyecix.com/html/sportsmagazine/extra-images/widget-popular-post1.jpg]
[eyecix.com/html/sportsmagazine/extra-images/widget-popular-post2.jpg]
[eyecix.com/html/sportsmagazine/extra-images/widget-popular-post3.jpg]
[eyecix.com/html/sportsmagazine/extra-images/widget-popular-post4.jpg]
[eyecix.com/html/sportsmagazine/extra-images/flicker-image-1.jpg]
[eyecix.com/html/sportsmagazine/extra-images/flicker-image-2.jpg]
[eyecix.com/html/sportsmagazine/extra-images/flicker-image-3.jpg]
[eyecix.com/html/sportsmagazine/extra-images/flicker-image-4.jpg]
[eyecix.com/html/sportsmagazine/extra-images/flicker-image-5.jpg]
[eyecix.com/html/sportsmagazine/extra-images/flicker-image-6.jpg]
[eyecix.com/html/sportsmagazine/extra-images/flicker-image-7.jpg]
[eyecix.com/html/sportsmagazine/extra-images/flicker-image-8.jpg]
[eyecix.com/html/sportsmagazine/extra-images/flicker-image-9.jpg]
[eyecix.com/html/sportsmagazine/fixture-wls.html]
[eyecix.com/html/sportsmagazine/fixture-wrs.html]
[eyecix.com/html/sportsmagazine/extra-images/fixture-classic-img1.png]
[eyecix.com/html/sportsmagazine/extra-images/fixture-classic-img2.png]
[eyecix.com/html/sportsmagazine/extra-images/fixture-classic-img3.png]
[eyecix.com/html/sportsmagazine/extra-images/fixture-classic-img4.png]
[eyecix.com/html/sportsmagazine/extra-images/fixture-classic-img5.png]
[eyecix.com/html/sportsmagazine/extra-images/fixture-classic-img7.png]
[eyecix.com/html/sportsmagazine/extra-images/fixture-classic-img8.png]
[eyecix.com/html/sportsmagazine/extra-images/fixture-classic-img9.png]
[eyecix.com/html/sportsmagazine/extra-images/fixture-classic-img10.png]
[eyecix.com/html/sportsmagazine/extra-images/fixture-classic-img11.png]
[eyecix.com/html/sportsmagazine/fixtures-dark1.html]
[eyecix.com/html/sportsmagazine/fixtures-dark2.html]
[eyecix.com/html/sportsmagazine/extra-images/fixture-gallery-img1.jpg]
[eyecix.com/html/sportsmagazine/extra-images/fixture-gallery-img2.jpg]
[eyecix.com/html/sportsmagazine/extra-images/fixture-gallery-img3.jpg]
[eyecix.com/html/sportsmagazine/extra-images/fixture-gallery-img4.jpg]
[eyecix.com/html/sportsmagazine/extra-images/fixture-gallery-img5.jpg]
[eyecix.com/html/sportsmagazine/extra-images/fixture-gallery-img6.jpg]
[eyecix.com/html/sportsmagazine/extra-images/post-img1.jpg]
[eyecix.com/html/sportsmagazine/extra-images/post-img2.jpg]
[eyecix.com/html/sportsmagazine/extra-images/comment-img1.jpg]
[eyecix.com/html/sportsmagazine/extra-images/comment-img2.jpg]
[eyecix.com/html/sportsmagazine/extra-images/comment-img3.jpg]
[eyecix.com/html/sportsmagazine/extra-images/comment-img4.jpg]
[eyecix.com/html/sportsmagazine/fixture-detail.html]
[eyecix.com/html/sportsmagazine/fixture-detail-wls.html]
[eyecix.com/html/sportsmagazine/extra-images/gallery-img-1.jpg]
[eyecix.com/html/sportsmagazine/extra-images/gallery-img-2.jpg]
[eyecix.com/html/sportsmagazine/extra-images/gallery-img-3.jpg]
[eyecix.com/html/sportsmagazine/extra-images/gallery-img-4.jpg]
[eyecix.com/html/sportsmagazine/extra-images/gallery-img-5.jpg]
[eyecix.com/html/sportsmagazine/extra-images/gallery-img-6.jpg]
[eyecix.com/html/sportsmagazine/extra-images/gallery-img-7.jpg]
[eyecix.com/html/sportsmagazine/extra-images/gallery-img-8.jpg]
[eyecix.com/html/sportsmagazine/extra-images/gallery-img-9.jpg]
[eyecix.com/html/sportsmagazine/gallery.html]
[eyecix.com/html/sportsmagazine/gallery-wls.html]
[eyecix.com/html/sportsmagazine/gallery-wrs.html]
[eyecix.com/html/sportsmagazine/gallery-modren.html]
[eyecix.com/html/sportsmagazine/gallery-modren-wls.html]
[eyecix.com/html/sportsmagazine/gallery-modren-wrs.html]
[eyecix.com/html/sportsmagazine/login-register.html]
[eyecix.com/html/sportsmagazine/extra-images/related-articel-img1.jpg]
[eyecix.com/html/sportsmagazine/extra-images/related-articel-img2.jpg]
[eyecix.com/html/sportsmagazine/extra-images/related-articel-img3.jpg]
[eyecix.com/html/sportsmagazine/extra-images/related-articel-img4.jpg]
[eyecix.com/html/sportsmagazine/extra-images/related-articel-img5.jpg]
[eyecix.com/html/sportsmagazine/search-result.html]
[eyecix.com/html/sportsmagazine/faq.html]
[eyecix.com/html/sportsmagazine/contact-us.html]
[eyecix.com/html/sportsmagazine/extra-images/player-grid-img1.jpg]
[eyecix.com/html/sportsmagazine/extra-images/player-grid-img2.jpg]
[eyecix.com/html/sportsmagazine/extra-images/player-grid-img3.jpg]
[eyecix.com/html/sportsmagazine/extra-images/player-grid-img4.jpg]
[eyecix.com/html/sportsmagazine/extra-images/player-grid-img5.jpg]
[eyecix.com/html/sportsmagazine/extra-images/player-grid-img6.jpg]
[eyecix.com/html/sportsmagazine/extra-images/player-grid-img7.jpg]
[eyecix.com/html/sportsmagazine/extra-images/player-grid-img8.jpg]
[eyecix.com/html/sportsmagazine/extra-images/player-grid-img9.jpg]
[eyecix.com/html/sportsmagazine/player-grid.html]
[eyecix.com/html/sportsmagazine/player-grid-wls.html]
[eyecix.com/html/sportsmagazine/player-grid-wrs.html]
[eyecix.com/html/sportsmagazine/extra-images/team-grid-img4.jpg]
[eyecix.com/html/sportsmagazine/extra-images/team-grid-img5.jpg]
[eyecix.com/html/sportsmagazine/extra-images/team-grid-img6.jpg]
[eyecix.com/html/sportsmagazine/player-modren.html]
[eyecix.com/html/sportsmagazine/player-modren-wls.html]
[eyecix.com/html/sportsmagazine/player-modren-wrs.html]
[eyecix.com/html/sportsmagazine/extra-images/player-list-img1.jpg]
[eyecix.com/html/sportsmagazine/extra-images/player-list-img2.jpg]
[eyecix.com/html/sportsmagazine/extra-images/player-list-img3.jpg]
[eyecix.com/html/sportsmagazine/extra-images/player-list-img4.jpg]
[eyecix.com/html/sportsmagazine/extra-images/player-list-img5.jpg]
[eyecix.com/html/sportsmagazine/extra-images/player-list-img6.jpg]
[eyecix.com/html/sportsmagazine/player-list.html]
[eyecix.com/html/sportsmagazine/fullstanding.html]
[eyecix.com/html/sportsmagazine/extra-images/team-leader-img1.jpg]
[eyecix.com/html/sportsmagazine/extra-images/graph-img.jpg]
[eyecix.com/html/sportsmagazine/extra-images/widget-awrad-img1.jpg]
[eyecix.com/html/sportsmagazine/extra-images/widget-awrad-img2.jpg]
[eyecix.com/html/sportsmagazine/overview.html]
[eyecix.com/html/sportsmagazine/extra-images/modern-player-img1.jpg]
[eyecix.com/html/sportsmagazine/extra-images/modern-player-img2.jpg]
[eyecix.com/html/sportsmagazine/extra-images/modern-player-img3.jpg]
[eyecix.com/html/sportsmagazine/extra-images/modern-player-img4.jpg]
[eyecix.com/html/sportsmagazine/roster.html]
[eyecix.com/html/sportsmagazine/extra-images/player-text-img.png]
[eyecix.com/html/sportsmagazine/player-detail.html]
[eyecix.com/html/sportsmagazine/player-detail-wls.html]
[eyecix.com/html/sportsmagazine/blog-grid.html]
[eyecix.com/html/sportsmagazine/blog-grid-wls.html]
[eyecix.com/html/sportsmagazine/blog-grid-wrs.html]
[eyecix.com/html/sportsmagazine/extra-images/blog-large-img1.jpg]
[eyecix.com/html/sportsmagazine/extra-images/blog-large-img2.jpg]
[eyecix.com/html/sportsmagazine/extra-images/blog-large-img3.jpg]
[eyecix.com/html/sportsmagazine/extra-images/blog-large-img4.jpg]
[eyecix.com/html/sportsmagazine/blog-large.html]
[eyecix.com/html/sportsmagazine/blog-large-wls.html]
[eyecix.com/html/sportsmagazine/blog-medium.html]
[eyecix.com/html/sportsmagazine/extra-images/blog-modren-img1.jpg]
[eyecix.com/html/sportsmagazine/extra-images/blog-modren-img2.jpg]
[eyecix.com/html/sportsmagazine/extra-images/blog-modren-img3.jpg]
[eyecix.com/html/sportsmagazine/extra-images/blog-modren-img4.jpg]
[eyecix.com/html/sportsmagazine/extra-images/blog-modren-img5.jpg]
[eyecix.com/html/sportsmagazine/extra-images/blog-modren-img6.jpg]
[eyecix.com/html/sportsmagazine/extra-images/blog-modren-img7.jpg]
[eyecix.com/html/sportsmagazine/extra-images/blog-modren-img8.jpg]
[eyecix.com/html/sportsmagazine/extra-images/blog-modren-img9.jpg]
[eyecix.com/html/sportsmagazine/blog-modren.html]
[eyecix.com/html/sportsmagazine/blog-modren-wls.html]
[eyecix.com/html/sportsmagazine/blog-modren-wrs.html]
[eyecix.com/html/sportsmagazine/blog-detail.html]
[eyecix.com/html/sportsmagazine/blog-detail-wls.html]
[eyecix.com/html/sportsmagazine/extra-images/shop-grid-img1.jpg]
[eyecix.com/html/sportsmagazine/extra-images/shop-grid-img2.jpg]
[eyecix.com/html/sportsmagazine/extra-images/shop-grid-img3.jpg]
[eyecix.com/html/sportsmagazine/extra-images/shop-grid-img4.jpg]
[eyecix.com/html/sportsmagazine/extra-images/shop-grid-img5.jpg]
[eyecix.com/html/sportsmagazine/extra-images/shop-grid-img6.jpg]
[eyecix.com/html/sportsmagazine/extra-images/shop-grid-img7.jpg]
[eyecix.com/html/sportsmagazine/extra-images/shop-grid-img8.jpg]
[eyecix.com/html/sportsmagazine/shop-grid.html]
[eyecix.com/html/sportsmagazine/shop-grid-wls.html]
[eyecix.com/html/sportsmagazine/shop-grid-wrs.html]
[eyecix.com/html/sportsmagazine/extra-images/shop-list-img1.jpg]
[eyecix.com/html/sportsmagazine/extra-images/shop-list-img2.jpg]
[eyecix.com/html/sportsmagazine/extra-images/shop-list-img3.jpg]
[eyecix.com/html/sportsmagazine/extra-images/shop-list-img4.jpg]
[eyecix.com/html/sportsmagazine/extra-images/shop-list-img5.jpg]
[eyecix.com/html/sportsmagazine/shop-list.html]
[eyecix.com/html/sportsmagazine/shop-list-wls.html]
[eyecix.com/html/sportsmagazine/extra-images/shopping-cart-img1.jpg]
[eyecix.com/html/sportsmagazine/extra-images/shopping-cart-img2.jpg]
[eyecix.com/html/sportsmagazine/extra-images/shopping-cart-img3.jpg]
[eyecix.com/html/sportsmagazine/extra-images/shopping-cart-img4.jpg]
[eyecix.com/html/sportsmagazine/shopping-cart.html]
[eyecix.com/html/sportsmagazine/wishlist.html]
[eyecix.com/html/sportsmagazine/extra-images/upload-photo.jpg]
[eyecix.com/html/sportsmagazine/account.html]
[eyecix.com/html/sportsmagazine/extra-images/shop-thumb-1.png]
[eyecix.com/html/sportsmagazine/shop-detail.html]
[eyecix.com/html/sportsmagazine/shop-detail-wls.html]
[eyecix.com/html/sportsmagazine/404.html.html]
[eyecix.com/html/sportsmagazine/team-detail.html]
[eyecix.com/html/sportsmagazine/blog-detail.html.html]
[eyecix.com/html/sportsmagazine/extra-images/player-thumb-img.jpg]
[eyecix.com/html/sportsmagazine/extra-images/blog-detail-thumb.jpg]
[eyecix.com/html/sportsmagazine/extra-images/shop-thumb-img.jpg]
[eyecix.com/html/sportsmagazine/extra-images/section-post-img.jpg]
[eyecix.com/html/sportsmagazine/extra-images/counter-back-img.jpg]
[eyecix.com/html/sportsmagazine/css/bootstrap.css]
[eyecix.com/html/sportsmagazine/fonts/fontawesome-webfont3e6e.eot]
[eyecix.com/html/sportsmagazine/fonts/fontawesome-webfontd41d.eot]
[eyecix.com/html/sportsmagazine/fonts/fontawesome-webfont3e6e.woff]
[eyecix.com/html/sportsmagazine/fonts/fontawesome-webfont3e6e.ttf]
[eyecix.com/html/sportsmagazine/css/font-awesome.css]
[eyecix.com/html/sportsmagazine/fonts/icomoon1aa6.eot]
[eyecix.com/html/sportsmagazine/fonts/icomoon.1201aa6.delayed]
[eyecix.com/html/sportsmagazine/fonts/icomoon1aa6.woff]
[eyecix.com/html/sportsmagazine/css/flaticon.css]
[eyecix.com/html/sportsmagazine/css/slick-slider.css]
[eyecix.com/html/sportsmagazine/images/fancybox/fancybox_sprite.png]
[eyecix.com/html/sportsmagazine/images/fancybox/blank.gif]
[eyecix.com/html/sportsmagazine/images/fancybox/fancybox_overlay.png]
[eyecix.com/html/sportsmagazine/images/fancybox/fancybox_sprite@2x.png]
[eyecix.com/html/sportsmagazine/images/fancybox/fancybox_loading@2x.gif]
[eyecix.com/html/sportsmagazine/css/fancybox.css]
[eyecix.com/html/sportsmagazine/images/vpattren.png]
[eyecix.com/html/sportsmagazine/images/search-modal-bg.jpg]
[eyecix.com/html/sportsmagazine/images/banner-1-pattren.png]
[eyecix.com/html/sportsmagazine/images/fancytitle-pattren.png]
[eyecix.com/html/sportsmagazine/images/match-result-bg.png]
[eyecix.com/html/sportsmagazine/images/border-shape.png]
[eyecix.com/html/sportsmagazine/extra-images/sub-header.jpg]
[eyecix.com/html/sportsmagazine/extra-images/error-page-backimg.130.delayed]
[eyecix.com/html/sportsmagazine/images/modern-player-shape.png]
[eyecix.com/html/sportsmagazine/extra-images/shape-one.png]
[eyecix.com/html/sportsmagazine/extra-images/shape-two.png]
[eyecix.com/html/sportsmagazine/images/footer-pattren.png]
[eyecix.com/html/sportsmagazine/extra-images/footer-back-img.135.delayed]
[eyecix.com/html/sportsmagazine/style.css]
[eyecix.com/html/sportsmagazine/css/color.css]
[eyecix.com/html/sportsmagazine/css/responsive.css]
[eyecix.com/css/chosen.html]
[eyecix.com/html/sportsmagazine/index-2.html]
[eyecix.com/html/sportsmagazine/index-two.html]
[eyecix.com/html/sportsmagazine/demo2/index.html]
[eyecix.com/html/sportsmagazine/player-grid.html]
[eyecix.com/html/sportsmagazine/404.html.html]
[eyecix.com/html/sportsmagazine/team-detail.html]
[eyecix.com/html/sportsmagazine/blog-detail.html.html]
[eyecix.com/html/sportsmagazine/fonts/glyphicons-halflings-regular.html]
[eyecix.com/html/sportsmagazine/fonts/glyphicons-halflings-regulard41d.html]
[eyecix.com/html/sportsmagazine/fonts/glyphicons-halflings-regular-2.html]
[eyecix.com/html/sportsmagazine/fonts/glyphicons-halflings-regular-3.html]
[eyecix.com/html/sportsmagazine/fonts/glyphicons-halflings-regular-4.html]
[eyecix.com/html/sportsmagazine/fonts/glyphicons-halflings-regular-5.html]
[eyecix.com/html/sportsmagazine/fonts/fontawesome-webfont3e6e.html]
[eyecix.com/html/sportsmagazine/fonts/fontawesome-webfont3e6e.svg]
[eyecix.com/html/sportsmagazine/fonts/icomoon1aa6.ttf]
[eyecix.com/html/sportsmagazine/fonts/icomoon1aa6.svg]
[eyecix.com/html/sportsmagazine/css/fancybox_loading.html]
[eyecix.com/html/sportsmagazine/extra-images/error-page-backimg.jpg]
[eyecix.com/html/sportsmagazine/extra-images/footer-back-img.jpg]
